{
    "$id": 0,
    "$type": "0|BulwarkStudios.Stanford.Saves.SaveDataReference, BulwarkStudios.Stanford",
    "refObjects": {
        "$id": 1,
        "$type": "1|System.Collections.Generic.List`1[[BulwarkStudios.Stanford.Saves.SaveDataReference+DataRefObject, BulwarkStudios.Stanford]], mscorlib",
        "$rlength": 0,
        "$rcontent": [
        ]
    }
}